};// ============================================// DATABASE MIGRATIONS - Add missing tables// ============================================const runMigrations = () => {  try {    // Tables to check and create if missing    const tables = [      {        name: 'product_versions',        sql: `CREATE TABLE IF NOT EXISTS product_versions (          id INTEGER PRIMARY KEY AUTOINCREMENT,          internal_product_id TEXT NOT NULL,          sku TEXT NOT NULL,          mrp REAL NOT NULL,          price REAL NOT NULL,          valid_from DATETIME DEFAULT CURRENT_TIMESTAMP,          valid_to DATETIME,          created_at DATETIME DEFAULT CURRENT_TIMESTAMP        )`      },      {        name: 'uom_conversions',        sql: `CREATE TABLE IF NOT EXISTS uom_conversions (          id INTEGER PRIMARY KEY AUTOINCREMENT,          product_id INTEGER NOT NULL,          from_uom TEXT NOT NULL,          to_uom TEXT NOT NULL,          conversion_factor REAL NOT NULL DEFAULT 1,          is_purchasing BOOLEAN DEFAULT 0,          is_selling BOOLEAN DEFAULT 1,          created_at DATETIME DEFAULT CURRENT_TIMESTAMP        )`      },      {        name: 'distributors',        sql: `CREATE TABLE IF NOT EXISTS distributors (          id INTEGER PRIMARY KEY AUTOINCREMENT,          name TEXT NOT NULL,          contact_person TEXT,          email TEXT,          phone TEXT,          address TEXT,          city TEXT,          state TEXT,          pincode TEXT,          salesman_name TEXT,          salesman_phone TEXT,          gst_number TEXT,          payment_terms TEXT DEFAULT 'net30',          credit_limit REAL DEFAULT 0,          notes TEXT,          status TEXT DEFAULT 'active',          created_at DATETIME DEFAULT CURRENT_TIMESTAMP,          updated_at DATETIME DEFAULT CURRENT_TIMESTAMP        )`      },      {        name: 'purchase_orders',        sql: `CREATE TABLE IF NOT EXISTS purchase_orders (
